<html>
<body>
<pre>
<h1>µVision Build Log</h1>
<h2>Tool Versions:</h2>
IDE-Version: µVision V5.36.0.0
Copyright (C) 2021 ARM Ltd and ARM Germany GmbH. All rights reserved.
License Information: yuting li, University of Regina, LIC=----
 
Tool Versions:
Toolchain:       MDK-Lite  Version: 5.36.0.0
Toolchain Path:  C:\Keil_v5\ARM\ARMCLANG\Bin
C Compiler:      ArmClang.exe V6.16
Assembler:       Armasm.exe V6.16
Linker/Locator:  ArmLink.exe V6.16
Library Manager: ArmAr.exe V6.16
Hex Converter:   FromElf.exe V6.16
CPU DLL:         SARMCM3.DLL V5.36.0.0
Dialog DLL:      DCM.DLL V1.17.3.0
Target DLL:      STLink\ST-LINKIII-KEIL_SWO.dll V3.0.9.0
Dialog DLL:      TCM.DLL V1.53.0.0
 
<h2>Project:</h2>
D:\University\2022 Winter\ENEL 351\Project\Codes\test.uvprojx
Project File Date:  04/05/2022

<h2>Output:</h2>
*** Using Compiler 'V6.16', folder: 'C:\Keil_v5\ARM\ARMCLANG\Bin'
Rebuild target 'Target 1'
assembling startup_stm32f10x_md.s...
compiling motors.c...
pwm.c(11): warning: implicit conversion loses integer precision: 'uint32_t' (aka 'unsigned int') to 'uint16_t' (aka 'unsigned short') [-Wimplicit-int-conversion]
        TIM1->PSC = divider;
                  ~ ^~~~~~~
pwm.c(12): warning: implicit conversion loses integer precision: 'uint32_t' (aka 'unsigned int') to 'uint16_t' (aka 'unsigned short') [-Wimplicit-int-conversion]
        TIM1->ARR = reload_val;
                  ~ ^~~~~~~~~~
pwm.c(13): warning: implicit conversion loses integer precision: 'uint32_t' (aka 'unsigned int') to 'uint16_t' (aka 'unsigned short') [-Wimplicit-int-conversion]
        TIM1->CCR1 = cmp_val;
                   ~ ^~~~~~~
pwm.c(19): warning: implicit conversion loses integer precision: 'uint32_t' (aka 'unsigned int') to 'uint16_t' (aka 'unsigned short') [-Wimplicit-int-conversion]
        TIM1->CCR1 = update_val;
                   ~ ^~~~~~~~~~
pwm.c(21): warning: no newline at end of file [-Wnewline-eof]
}
 ^
5 warnings generated.
compiling pwm.c...
main.c(2): warning: In file included from...
./gpio.h(8): warning: no newline at end of file [-Wnewline-eof]
bool configAFIO_Output(char, int);
                                  ^
main.c(3): warning: In file included from...
./subsystemInit.h(11): warning: no newline at end of file [-Wnewline-eof]
void initSysTick(uint32_t);
                           ^
main.c(6): warning: In file included from...
./ir_sensors.h(5): warning: no newline at end of file [-Wnewline-eof]
bool rightIR(void);
                   ^
main.c(9): warning: In file included from...
./ADC.h(6): warning: no newline at end of file [-Wnewline-eof]
 
 ^
main.c(47): warning: 'return' will never be executed [-Wunreachable-code-return]
        return 0;
               ^
main.c(50): warning: function 'driving' could be declared with attribute 'noreturn' [-Wmissing-noreturn]
void driving(void){
                  ^
6 warnings generated.
compiling main.c...
compiling delay.c...
compiling buzzer.c...
subsystemInit.c(2): warning: non-portable path to file '"subsystemSetup.h"'; specified path differs in case from file name on disk [-Wnonportable-include-path]
#include "subSystemSetup.h"
         ^~~~~~~~~~~~~~~~~~
         "subsystemSetup.h"
subsystemInit.c(4): warning: no previous prototype for function 'initAPB2_GPIO' [-Wmissing-prototypes]
void initAPB2_GPIO(void)
     ^
subsystemInit.c(4): note: declare 'static' if the function is not intended to be used outside of this translation unit
void initAPB2_GPIO(void)
^
static 
subsystemInit.c(10): warning: no previous prototype for function 'initAPB2_AFIO' [-Wmissing-prototypes]
void initAPB2_AFIO(void)
     ^
subsystemInit.c(10): note: declare 'static' if the function is not intended to be used outside of this translation unit
void initAPB2_AFIO(void)
^
static 
subsystemInit.c(14): warning: no previous prototype for function 'initAPB2_TIM1' [-Wmissing-prototypes]
void initAPB2_TIM1(void)
     ^
subsystemInit.c(14): note: declare 'static' if the function is not intended to be used outside of this translation unit
void initAPB2_TIM1(void)
^
static 
subsystemInit.c(18): warning: no previous prototype for function 'init_APB2ADC' [-Wmissing-prototypes]
void init_APB2ADC(void)
     ^
subsystemInit.c(18): note: declare 'static' if the function is not intended to be used outside of this translation unit
void init_APB2ADC(void)
^
static 
subsystemInit.c(22): warning: no previous prototype for function 'initAPB1_USART' [-Wmissing-prototypes]
void initAPB1_USART(void)
     ^
subsystemInit.c(22): note: declare 'static' if the function is not intended to be used outside of this translation unit
void initAPB1_USART(void)
^
static 
subsystemInit.c(31): warning: implicit conversion changes signedness: 'int' to 'unsigned int' [-Wsign-conversion]
AFIO->EXTICR[1] &= ~AFIO_EXTICR1_EXTI0;
                ~~ ^~~~~~~~~~~~~~~~~~~
subsystemInit.c(28): warning: no previous prototype for function 'initEXTI0' [-Wmissing-prototypes]
void initEXTI0(void)
     ^
subsystemInit.c(28): note: declare 'static' if the function is not intended to be used outside of this translation unit
void initEXTI0(void)
^
static 
subsystemInit.c(42): warning: no newline at end of file [-Wnewline-eof]
}
 ^
subsystemInit.c(36): warning: no previous prototype for function 'initSysTick' [-Wmissing-prototypes]
void initSysTick(uint32_t countVal)
     ^
subsystemInit.c(36): note: declare 'static' if the function is not intended to be used outside of this translation unit
void initSysTick(uint32_t countVal)
^
static 
10 warnings generated.
compiling subsystemInit.c...
gpio.c(2): warning: In file included from...
./gpio.h(8): warning: no newline at end of file [-Wnewline-eof]
bool configAFIO_Output(char, int);
                                  ^
gpio.c(192): warning: implicit conversion changes signedness: 'int' to 'uint32_t' (aka 'unsigned int') [-Wsign-conversion]
 MASK = ~(0x0F << (shiftAmnt * 4));
      ~ ^~~~~~~~~~~~~~~~~~~~~~~~~~
gpio.c(218): warning: implicit conversion changes signedness: 'int' to 'uint32_t' (aka 'unsigned int') [-Wsign-conversion]
 MASK = ~(0x0F << (shiftAmnt * 4));
      ~ ^~~~~~~~~~~~~~~~~~~~~~~~~~
3 warnings generated.
compiling gpio.c...
ir_sensors.c(2): warning: In file included from...
./ir_sensors.h(5): warning: no newline at end of file [-Wnewline-eof]
bool rightIR(void);
                   ^
1 warning generated.
compiling ir_sensors.c...
clock.c(16): warning: no newline at end of file [-Wnewline-eof]
}
 ^
1 warning generated.
compiling clock.c...
ADC.c(2): warning: In file included from...
./ADC.h(6): warning: no newline at end of file [-Wnewline-eof]
 
 ^
ADC.c(23): warning: implicit conversion changes signedness: 'int' to 'unsigned int' [-Wsign-conversion]
                ADC1->SQR3 = (ADC_SQR3_SQ1 & channel);
                                           ~ ^~~~~~~
ADC.c(32): warning: no newline at end of file [-Wnewline-eof]
 }
  ^
3 warnings generated.
compiling ADC.c...
RTE/Device/STM32F103R8/system_stm32f10x.c(167): warning: no previous extern declaration for non-static variable 'AHBPrescTable' [-Wmissing-variable-declarations]
__I uint8_t AHBPrescTable[16] = {0, 0, 0, 0, 0, 0, 0, 0, 1, 2, 3, 4, 6, 7, 8, 9};
            ^
RTE/Device/STM32F103R8/system_stm32f10x.c(167): note: declare 'static' if the variable is not intended to be used outside of this translation unit
__I uint8_t AHBPrescTable[16] = {0, 0, 0, 0, 0, 0, 0, 0, 1, 2, 3, 4, 6, 7, 8, 9};
    ^
1 warning generated.
compiling system_stm32f10x.c...
linking...
Program Size: Code=1756 RO-data=252 RW-data=0 ZI-data=1632  
".\Objects\test.axf" - 0 Error(s), 30 Warning(s).

<h2>Software Packages used:</h2>

Package Vendor: ARM
                http://www.keil.com/pack/ARM.CMSIS.5.8.0.pack
                ARM.CMSIS.5.8.0
                CMSIS (Common Microcontroller Software Interface Standard)
   * Component: CORE Version: 5.5.0

Package Vendor: Keil
                http://www.keil.com/pack/Keil.STM32F1xx_DFP.2.4.0.pack
                Keil.STM32F1xx_DFP.2.4.0
                STMicroelectronics STM32F1 Series Device Support, Drivers and Examples
   * Component: Startup Version: 1.0.0

<h2>Collection of Component include folders:</h2>
  .\RTE\Device\STM32F103R8
  .\RTE\_Target_1
  C:\Users\S9tin\AppData\Local\Arm\Packs\ARM\CMSIS\5.8.0\CMSIS\Core\Include
  C:\Users\S9tin\AppData\Local\Arm\Packs\Keil\STM32F1xx_DFP\2.4.0\Device\Include

<h2>Collection of Component Files used:</h2>

   * Component: ARM::CMSIS:CORE:5.5.0

   * Component: Keil::Device:Startup:1.0.0
      Include file:  RTE_Driver\Config\RTE_Device.h
      Source file:   Device\Source\ARM\STM32F1xx_OPT.s
      Source file:   Device\Source\system_stm32f10x.c
      Source file:   Device\Source\ARM\startup_stm32f10x_md.s
Build Time Elapsed:  00:00:01
</pre>
</body>
</html>
